2025-04-14 13:32:51,481 - INFO - [utils.py:481] - loading Word2Vec object from /Users/modassirkashani/Documents/hybridInformationRetrieval/Model/word2vec.model
2025-04-14 13:32:51,876 - INFO - [utils.py:515] - loading wv recursively from /Users/modassirkashani/Documents/hybridInformationRetrieval/Model/word2vec.model.wv.* with mmap=None
2025-04-14 13:32:51,876 - INFO - [utils.py:520] - loading vectors from /Users/modassirkashani/Documents/hybridInformationRetrieval/Model/word2vec.model.wv.vectors.npy with mmap=None
2025-04-14 13:32:52,816 - INFO - [utils.py:520] - loading syn1neg from /Users/modassirkashani/Documents/hybridInformationRetrieval/Model/word2vec.model.syn1neg.npy with mmap=None
2025-04-14 13:32:53,828 - INFO - [utils.py:553] - setting ignored attribute cum_table to None
2025-04-14 13:32:59,254 - INFO - [utils.py:447] - Word2Vec lifecycle event {'fname': '/Users/modassirkashani/Documents/hybridInformationRetrieval/Model/word2vec.model', 'datetime': '2025-04-14T13:32:59.234513', 'gensim': '4.3.3', 'python': '3.11.4 (v3.11.4:d2340ef257, Jun  6 2023, 19:15:51) [Clang 13.0.0 (clang-1300.0.29.30)]', 'platform': 'macOS-15.3.1-arm64-arm-64bit', 'event': 'loaded'}
2025-04-14 13:43:41,809 - INFO - [PreProcessingService.py:63] - Received interrupt signal. Shutting down gracefully...
2025-04-14 13:46:33,026 - INFO - [utils.py:481] - loading Word2Vec object from /Users/modassirkashani/Documents/hybridInformationRetrieval/Model/word2vec.model
2025-04-14 13:46:33,416 - INFO - [utils.py:515] - loading wv recursively from /Users/modassirkashani/Documents/hybridInformationRetrieval/Model/word2vec.model.wv.* with mmap=None
2025-04-14 13:46:33,416 - INFO - [utils.py:520] - loading vectors from /Users/modassirkashani/Documents/hybridInformationRetrieval/Model/word2vec.model.wv.vectors.npy with mmap=None
2025-04-14 13:46:34,436 - INFO - [utils.py:520] - loading syn1neg from /Users/modassirkashani/Documents/hybridInformationRetrieval/Model/word2vec.model.syn1neg.npy with mmap=None
2025-04-14 13:46:35,278 - INFO - [utils.py:553] - setting ignored attribute cum_table to None
2025-04-14 13:46:40,446 - INFO - [utils.py:447] - Word2Vec lifecycle event {'fname': '/Users/modassirkashani/Documents/hybridInformationRetrieval/Model/word2vec.model', 'datetime': '2025-04-14T13:46:40.428601', 'gensim': '4.3.3', 'python': '3.11.4 (v3.11.4:d2340ef257, Jun  6 2023, 19:15:51) [Clang 13.0.0 (clang-1300.0.29.30)]', 'platform': 'macOS-15.3.1-arm64-arm-64bit', 'event': 'loaded'}
2025-04-14 13:47:05,567 - INFO - [QueryProcessing.py:191] - Loading BERT re-ranker model...
2025-04-14 13:47:05,629 - INFO - [SentenceTransformer.py:211] - Use pytorch device_name: mps
2025-04-14 13:47:05,629 - INFO - [SentenceTransformer.py:219] - Load pretrained SentenceTransformer: all-MiniLM-L6-v2
2025-04-14 13:47:07,285 - INFO - [QueryProcessing.py:194] - loaded
2025-04-14 13:52:08,600 - INFO - [utils.py:481] - loading Word2Vec object from /Users/modassirkashani/Documents/hybridInformationRetrieval/Model/word2vec.model
2025-04-14 13:52:09,015 - INFO - [utils.py:515] - loading wv recursively from /Users/modassirkashani/Documents/hybridInformationRetrieval/Model/word2vec.model.wv.* with mmap=None
2025-04-14 13:52:09,015 - INFO - [utils.py:520] - loading vectors from /Users/modassirkashani/Documents/hybridInformationRetrieval/Model/word2vec.model.wv.vectors.npy with mmap=None
2025-04-14 13:52:10,074 - INFO - [utils.py:520] - loading syn1neg from /Users/modassirkashani/Documents/hybridInformationRetrieval/Model/word2vec.model.syn1neg.npy with mmap=None
2025-04-14 13:52:12,803 - INFO - [utils.py:553] - setting ignored attribute cum_table to None
2025-04-14 13:52:18,753 - INFO - [utils.py:447] - Word2Vec lifecycle event {'fname': '/Users/modassirkashani/Documents/hybridInformationRetrieval/Model/word2vec.model', 'datetime': '2025-04-14T13:52:18.602772', 'gensim': '4.3.3', 'python': '3.11.4 (v3.11.4:d2340ef257, Jun  6 2023, 19:15:51) [Clang 13.0.0 (clang-1300.0.29.30)]', 'platform': 'macOS-15.3.1-arm64-arm-64bit', 'event': 'loaded'}
2025-04-14 13:52:54,435 - INFO - [utils.py:481] - loading Word2Vec object from /Users/modassirkashani/Documents/hybridInformationRetrieval/Model/word2vec.model
2025-04-14 13:52:54,807 - INFO - [utils.py:515] - loading wv recursively from /Users/modassirkashani/Documents/hybridInformationRetrieval/Model/word2vec.model.wv.* with mmap=None
2025-04-14 13:52:54,807 - INFO - [utils.py:520] - loading vectors from /Users/modassirkashani/Documents/hybridInformationRetrieval/Model/word2vec.model.wv.vectors.npy with mmap=None
2025-04-14 13:52:55,682 - INFO - [utils.py:520] - loading syn1neg from /Users/modassirkashani/Documents/hybridInformationRetrieval/Model/word2vec.model.syn1neg.npy with mmap=None
2025-04-14 13:52:57,045 - INFO - [utils.py:553] - setting ignored attribute cum_table to None
2025-04-14 13:53:02,431 - INFO - [utils.py:447] - Word2Vec lifecycle event {'fname': '/Users/modassirkashani/Documents/hybridInformationRetrieval/Model/word2vec.model', 'datetime': '2025-04-14T13:53:02.403721', 'gensim': '4.3.3', 'python': '3.11.4 (v3.11.4:d2340ef257, Jun  6 2023, 19:15:51) [Clang 13.0.0 (clang-1300.0.29.30)]', 'platform': 'macOS-15.3.1-arm64-arm-64bit', 'event': 'loaded'}
2025-04-14 13:53:27,119 - INFO - [QueryProcessing.py:193] - Loading BERT re-ranker model...
2025-04-14 13:53:27,168 - INFO - [SentenceTransformer.py:211] - Use pytorch device_name: mps
2025-04-14 13:53:27,168 - INFO - [SentenceTransformer.py:219] - Load pretrained SentenceTransformer: all-MiniLM-L6-v2
2025-04-14 13:53:33,904 - INFO - [QueryProcessing.py:196] - loaded
2025-04-14 15:17:45,908 - INFO - [PreProcessingService.py:63] - Received interrupt signal. Shutting down gracefully...
2025-04-14 15:25:27,312 - INFO - [utils.py:481] - loading Word2Vec object from /Users/modassirkashani/Documents/hybridInformationRetrieval/Model/word2vec.model
2025-04-14 15:25:27,714 - INFO - [utils.py:515] - loading wv recursively from /Users/modassirkashani/Documents/hybridInformationRetrieval/Model/word2vec.model.wv.* with mmap=None
2025-04-14 15:25:27,714 - INFO - [utils.py:520] - loading vectors from /Users/modassirkashani/Documents/hybridInformationRetrieval/Model/word2vec.model.wv.vectors.npy with mmap=None
2025-04-14 15:25:28,732 - INFO - [utils.py:520] - loading syn1neg from /Users/modassirkashani/Documents/hybridInformationRetrieval/Model/word2vec.model.syn1neg.npy with mmap=None
2025-04-14 15:25:30,908 - INFO - [utils.py:553] - setting ignored attribute cum_table to None
2025-04-14 15:25:37,106 - INFO - [utils.py:447] - Word2Vec lifecycle event {'fname': '/Users/modassirkashani/Documents/hybridInformationRetrieval/Model/word2vec.model', 'datetime': '2025-04-14T15:25:37.001539', 'gensim': '4.3.3', 'python': '3.11.4 (v3.11.4:d2340ef257, Jun  6 2023, 19:15:51) [Clang 13.0.0 (clang-1300.0.29.30)]', 'platform': 'macOS-15.3.1-arm64-arm-64bit', 'event': 'loaded'}
2025-04-14 15:26:03,051 - INFO - [QueryProcessing.py:193] - Loading BERT re-ranker model...
2025-04-14 15:26:03,122 - INFO - [SentenceTransformer.py:211] - Use pytorch device_name: mps
2025-04-14 15:26:03,122 - INFO - [SentenceTransformer.py:219] - Load pretrained SentenceTransformer: all-MiniLM-L6-v2
2025-04-14 15:26:06,719 - INFO - [QueryProcessing.py:196] - loaded
2025-04-14 15:27:08,482 - INFO - [PreProcessingService.py:63] - Received interrupt signal. Shutting down gracefully...
2025-04-14 15:41:30,731 - INFO - [utils.py:481] - loading Word2Vec object from /Users/modassirkashani/Documents/hybridInformationRetrieval/Model/word2vec.model
2025-04-14 15:41:31,118 - INFO - [utils.py:515] - loading wv recursively from /Users/modassirkashani/Documents/hybridInformationRetrieval/Model/word2vec.model.wv.* with mmap=None
2025-04-14 15:41:31,118 - INFO - [utils.py:520] - loading vectors from /Users/modassirkashani/Documents/hybridInformationRetrieval/Model/word2vec.model.wv.vectors.npy with mmap=None
2025-04-14 15:41:32,115 - INFO - [utils.py:520] - loading syn1neg from /Users/modassirkashani/Documents/hybridInformationRetrieval/Model/word2vec.model.syn1neg.npy with mmap=None
2025-04-14 15:41:33,127 - INFO - [utils.py:553] - setting ignored attribute cum_table to None
2025-04-14 15:41:38,835 - INFO - [utils.py:447] - Word2Vec lifecycle event {'fname': '/Users/modassirkashani/Documents/hybridInformationRetrieval/Model/word2vec.model', 'datetime': '2025-04-14T15:41:38.737434', 'gensim': '4.3.3', 'python': '3.12.4 | packaged by Anaconda, Inc. | (main, Jun 18 2024, 10:07:17) [Clang 14.0.6 ]', 'platform': 'macOS-15.3.1-arm64-arm-64bit', 'event': 'loaded'}
2025-04-14 15:42:03,717 - INFO - [QueryProcessing.py:193] - Loading BERT re-ranker model...
2025-04-14 15:42:03,785 - INFO - [SentenceTransformer.py:211] - Use pytorch device_name: mps
2025-04-14 15:42:03,785 - INFO - [SentenceTransformer.py:219] - Load pretrained SentenceTransformer: all-MiniLM-L6-v2
2025-04-14 15:42:05,471 - INFO - [QueryProcessing.py:196] - loaded
2025-04-14 15:43:34,520 - INFO - [PreProcessingService.py:63] - Received interrupt signal. Shutting down gracefully...
2025-04-14 15:43:47,770 - INFO - [utils.py:481] - loading Word2Vec object from /Users/modassirkashani/Documents/hybridInformationRetrieval/Model/word2vec.model
2025-04-14 15:43:48,117 - INFO - [utils.py:515] - loading wv recursively from /Users/modassirkashani/Documents/hybridInformationRetrieval/Model/word2vec.model.wv.* with mmap=None
2025-04-14 15:43:48,117 - INFO - [utils.py:520] - loading vectors from /Users/modassirkashani/Documents/hybridInformationRetrieval/Model/word2vec.model.wv.vectors.npy with mmap=None
2025-04-14 15:43:48,890 - INFO - [utils.py:520] - loading syn1neg from /Users/modassirkashani/Documents/hybridInformationRetrieval/Model/word2vec.model.syn1neg.npy with mmap=None
2025-04-14 15:43:49,765 - INFO - [utils.py:553] - setting ignored attribute cum_table to None
2025-04-14 15:43:55,199 - INFO - [utils.py:447] - Word2Vec lifecycle event {'fname': '/Users/modassirkashani/Documents/hybridInformationRetrieval/Model/word2vec.model', 'datetime': '2025-04-14T15:43:55.176498', 'gensim': '4.3.3', 'python': '3.12.4 | packaged by Anaconda, Inc. | (main, Jun 18 2024, 10:07:17) [Clang 14.0.6 ]', 'platform': 'macOS-15.3.1-arm64-arm-64bit', 'event': 'loaded'}
2025-04-14 15:44:14,927 - INFO - [QueryProcessing.py:193] - Loading BERT re-ranker model...
2025-04-14 15:44:14,959 - INFO - [SentenceTransformer.py:211] - Use pytorch device_name: mps
2025-04-14 15:44:14,959 - INFO - [SentenceTransformer.py:219] - Load pretrained SentenceTransformer: all-MiniLM-L6-v2
2025-04-14 15:44:16,940 - INFO - [QueryProcessing.py:196] - loaded
2025-04-15 07:55:15,731 - INFO - [utils.py:481] - loading Word2Vec object from D:\ir\hybridInformationRetrieval-main (1)\hybridInformationRetrieval-main\Model\word2vec.model
2025-04-15 07:55:16,993 - INFO - [utils.py:515] - loading wv recursively from D:\ir\hybridInformationRetrieval-main (1)\hybridInformationRetrieval-main\Model\word2vec.model.wv.* with mmap=None
2025-04-15 07:55:16,993 - INFO - [utils.py:520] - loading vectors from D:\ir\hybridInformationRetrieval-main (1)\hybridInformationRetrieval-main\Model\word2vec.model.wv.vectors.npy with mmap=None
2025-04-15 07:55:27,564 - INFO - [utils.py:520] - loading syn1neg from D:\ir\hybridInformationRetrieval-main (1)\hybridInformationRetrieval-main\Model\word2vec.model.syn1neg.npy with mmap=None
2025-04-15 07:55:55,571 - INFO - [utils.py:553] - setting ignored attribute cum_table to None
2025-04-15 07:56:18,154 - INFO - [utils.py:447] - Word2Vec lifecycle event {'fname': 'D:\\ir\\hybridInformationRetrieval-main (1)\\hybridInformationRetrieval-main\\Model\\word2vec.model', 'datetime': '2025-04-15T07:56:17.673411', 'gensim': '4.3.3', 'python': '3.12.6 (tags/v3.12.6:a4a2d2b, Sep  6 2024, 20:11:23) [MSC v.1940 64 bit (AMD64)]', 'platform': 'Windows-11-10.0.26100-SP0', 'event': 'loaded'}
2025-04-15 07:58:44,184 - INFO - [QueryProcessing.py:219] - Loading BERT re-ranker model...
2025-04-15 07:58:44,254 - INFO - [SentenceTransformer.py:211] - Use pytorch device_name: cpu
2025-04-15 07:58:44,254 - INFO - [SentenceTransformer.py:219] - Load pretrained SentenceTransformer: all-MiniLM-L6-v2
2025-04-15 07:58:47,738 - INFO - [QueryProcessing.py:222] - loaded
2025-04-15 08:05:47,853 - INFO - [utils.py:481] - loading Word2Vec object from D:\ir\hybridInformationRetrieval-main (1)\hybridInformationRetrieval-main\Model\word2vec.model
2025-04-15 08:05:49,795 - INFO - [utils.py:515] - loading wv recursively from D:\ir\hybridInformationRetrieval-main (1)\hybridInformationRetrieval-main\Model\word2vec.model.wv.* with mmap=None
2025-04-15 08:05:49,795 - INFO - [utils.py:520] - loading vectors from D:\ir\hybridInformationRetrieval-main (1)\hybridInformationRetrieval-main\Model\word2vec.model.wv.vectors.npy with mmap=None
2025-04-15 08:06:12,507 - INFO - [utils.py:520] - loading syn1neg from D:\ir\hybridInformationRetrieval-main (1)\hybridInformationRetrieval-main\Model\word2vec.model.syn1neg.npy with mmap=None
2025-04-15 08:06:41,757 - INFO - [utils.py:553] - setting ignored attribute cum_table to None
2025-04-15 08:07:04,938 - INFO - [utils.py:447] - Word2Vec lifecycle event {'fname': 'D:\\ir\\hybridInformationRetrieval-main (1)\\hybridInformationRetrieval-main\\Model\\word2vec.model', 'datetime': '2025-04-15T08:07:04.134952', 'gensim': '4.3.3', 'python': '3.12.6 (tags/v3.12.6:a4a2d2b, Sep  6 2024, 20:11:23) [MSC v.1940 64 bit (AMD64)]', 'platform': 'Windows-11-10.0.26100-SP0', 'event': 'loaded'}
2025-04-15 08:08:55,355 - INFO - [QueryProcessing.py:219] - Loading BERT re-ranker model...
2025-04-15 08:08:55,443 - INFO - [SentenceTransformer.py:211] - Use pytorch device_name: cpu
2025-04-15 08:08:55,446 - INFO - [SentenceTransformer.py:219] - Load pretrained SentenceTransformer: all-MiniLM-L6-v2
2025-04-15 08:08:58,565 - INFO - [QueryProcessing.py:222] - loaded
